ARM GAS  C:\Users\maluv\AppData\Local\Temp\ccyg7BFx.s 			page 1


   1              		.syntax unified
   2              		.cpu cortex-m0
   3              		.fpu softvfp
   4              		.eabi_attribute 20, 1
   5              		.eabi_attribute 21, 1
   6              		.eabi_attribute 23, 3
   7              		.eabi_attribute 24, 1
   8              		.eabi_attribute 25, 1
   9              		.eabi_attribute 26, 1
  10              		.eabi_attribute 30, 1
  11              		.eabi_attribute 34, 0
  12              		.eabi_attribute 18, 4
  13              		.thumb
  14              		.syntax unified
  15              		.file	"cyfitter_cfg.c"
  16              		.text
  17              	.Ltext0:
  18              		.cfi_sections	.debug_frame
  19              		.section	.text.AnalogSetDefault,"ax",%progbits
  20              		.align	2
  21              		.code	16
  22              		.thumb_func
  23              		.type	AnalogSetDefault, %function
  24              	AnalogSetDefault:
  25              	.LFB6:
  26              		.file 1 "Generated_Source\\PSoC4\\cyfitter_cfg.c"
   1:Generated_Source\PSoC4/cyfitter_cfg.c **** 
   2:Generated_Source\PSoC4/cyfitter_cfg.c **** /*******************************************************************************
   3:Generated_Source\PSoC4/cyfitter_cfg.c **** * File Name: cyfitter_cfg.c
   4:Generated_Source\PSoC4/cyfitter_cfg.c **** * 
   5:Generated_Source\PSoC4/cyfitter_cfg.c **** * PSoC Creator  4.4
   6:Generated_Source\PSoC4/cyfitter_cfg.c **** *
   7:Generated_Source\PSoC4/cyfitter_cfg.c **** * Description:
   8:Generated_Source\PSoC4/cyfitter_cfg.c **** * This file contains device initialization code.
   9:Generated_Source\PSoC4/cyfitter_cfg.c **** * Except for the user defined sections in CyClockStartupError(), this file should not be modified.
  10:Generated_Source\PSoC4/cyfitter_cfg.c **** * This file is automatically generated by PSoC Creator.
  11:Generated_Source\PSoC4/cyfitter_cfg.c **** *
  12:Generated_Source\PSoC4/cyfitter_cfg.c **** ********************************************************************************
  13:Generated_Source\PSoC4/cyfitter_cfg.c **** * Copyright (c) 2007-2020 Cypress Semiconductor.  All rights reserved.
  14:Generated_Source\PSoC4/cyfitter_cfg.c **** * You may use this file only in accordance with the license, terms, conditions, 
  15:Generated_Source\PSoC4/cyfitter_cfg.c **** * disclaimers, and limitations in the end user license agreement accompanying 
  16:Generated_Source\PSoC4/cyfitter_cfg.c **** * the software package with which this file was provided.
  17:Generated_Source\PSoC4/cyfitter_cfg.c **** ********************************************************************************/
  18:Generated_Source\PSoC4/cyfitter_cfg.c **** 
  19:Generated_Source\PSoC4/cyfitter_cfg.c **** #include <string.h>
  20:Generated_Source\PSoC4/cyfitter_cfg.c **** #include "cytypes.h"
  21:Generated_Source\PSoC4/cyfitter_cfg.c **** #include "cydevice_trm.h"
  22:Generated_Source\PSoC4/cyfitter_cfg.c **** #include "cyfitter.h"
  23:Generated_Source\PSoC4/cyfitter_cfg.c **** #include "CyLib.h"
  24:Generated_Source\PSoC4/cyfitter_cfg.c **** #include "cyfitter_cfg.h"
  25:Generated_Source\PSoC4/cyfitter_cfg.c **** #include "cyapicallbacks.h"
  26:Generated_Source\PSoC4/cyfitter_cfg.c **** 
  27:Generated_Source\PSoC4/cyfitter_cfg.c **** 
  28:Generated_Source\PSoC4/cyfitter_cfg.c **** #if defined(__GNUC__) || defined(__ARMCC_VERSION)
  29:Generated_Source\PSoC4/cyfitter_cfg.c ****     #define CYPACKED 
  30:Generated_Source\PSoC4/cyfitter_cfg.c ****     #define CYPACKED_ATTR __attribute__ ((packed))
  31:Generated_Source\PSoC4/cyfitter_cfg.c ****     #define CYALIGNED __attribute__ ((aligned))
ARM GAS  C:\Users\maluv\AppData\Local\Temp\ccyg7BFx.s 			page 2


  32:Generated_Source\PSoC4/cyfitter_cfg.c ****     #define CY_CFG_UNUSED __attribute__ ((unused))
  33:Generated_Source\PSoC4/cyfitter_cfg.c ****     #ifndef CY_CFG_SECTION
  34:Generated_Source\PSoC4/cyfitter_cfg.c ****         #define CY_CFG_SECTION __attribute__ ((section(".psocinit")))
  35:Generated_Source\PSoC4/cyfitter_cfg.c ****     #endif
  36:Generated_Source\PSoC4/cyfitter_cfg.c ****     
  37:Generated_Source\PSoC4/cyfitter_cfg.c ****     #if defined(__ARMCC_VERSION)
  38:Generated_Source\PSoC4/cyfitter_cfg.c ****         #define CY_CFG_MEMORY_BARRIER() __memory_changed()
  39:Generated_Source\PSoC4/cyfitter_cfg.c ****     #else
  40:Generated_Source\PSoC4/cyfitter_cfg.c ****         #define CY_CFG_MEMORY_BARRIER() __sync_synchronize()
  41:Generated_Source\PSoC4/cyfitter_cfg.c ****     #endif
  42:Generated_Source\PSoC4/cyfitter_cfg.c ****     
  43:Generated_Source\PSoC4/cyfitter_cfg.c **** #elif defined(__ICCARM__)
  44:Generated_Source\PSoC4/cyfitter_cfg.c ****     #include <intrinsics.h>
  45:Generated_Source\PSoC4/cyfitter_cfg.c **** 
  46:Generated_Source\PSoC4/cyfitter_cfg.c ****     #define CYPACKED __packed
  47:Generated_Source\PSoC4/cyfitter_cfg.c ****     #define CYPACKED_ATTR 
  48:Generated_Source\PSoC4/cyfitter_cfg.c ****     #define CYALIGNED _Pragma("data_alignment=4")
  49:Generated_Source\PSoC4/cyfitter_cfg.c ****     #define CY_CFG_UNUSED _Pragma("diag_suppress=Pe177")
  50:Generated_Source\PSoC4/cyfitter_cfg.c ****     #define CY_CFG_SECTION _Pragma("location=\".psocinit\"")
  51:Generated_Source\PSoC4/cyfitter_cfg.c ****     
  52:Generated_Source\PSoC4/cyfitter_cfg.c ****     #define CY_CFG_MEMORY_BARRIER() __DMB()
  53:Generated_Source\PSoC4/cyfitter_cfg.c ****     
  54:Generated_Source\PSoC4/cyfitter_cfg.c **** #else
  55:Generated_Source\PSoC4/cyfitter_cfg.c ****     #error Unsupported toolchain
  56:Generated_Source\PSoC4/cyfitter_cfg.c **** #endif
  57:Generated_Source\PSoC4/cyfitter_cfg.c **** 
  58:Generated_Source\PSoC4/cyfitter_cfg.c **** #ifndef CYCODE
  59:Generated_Source\PSoC4/cyfitter_cfg.c ****     #define CYCODE
  60:Generated_Source\PSoC4/cyfitter_cfg.c **** #endif
  61:Generated_Source\PSoC4/cyfitter_cfg.c **** #ifndef CYDATA
  62:Generated_Source\PSoC4/cyfitter_cfg.c ****     #define CYDATA
  63:Generated_Source\PSoC4/cyfitter_cfg.c **** #endif
  64:Generated_Source\PSoC4/cyfitter_cfg.c **** #ifndef CYFAR
  65:Generated_Source\PSoC4/cyfitter_cfg.c ****     #define CYFAR
  66:Generated_Source\PSoC4/cyfitter_cfg.c **** #endif
  67:Generated_Source\PSoC4/cyfitter_cfg.c **** #ifndef CYXDATA
  68:Generated_Source\PSoC4/cyfitter_cfg.c ****     #define CYXDATA
  69:Generated_Source\PSoC4/cyfitter_cfg.c **** #endif
  70:Generated_Source\PSoC4/cyfitter_cfg.c **** 
  71:Generated_Source\PSoC4/cyfitter_cfg.c **** 
  72:Generated_Source\PSoC4/cyfitter_cfg.c **** CY_CFG_UNUSED
  73:Generated_Source\PSoC4/cyfitter_cfg.c **** static void CYMEMZERO(void *s, size_t n);
  74:Generated_Source\PSoC4/cyfitter_cfg.c **** CY_CFG_UNUSED
  75:Generated_Source\PSoC4/cyfitter_cfg.c **** static void CYMEMZERO(void *s, size_t n)
  76:Generated_Source\PSoC4/cyfitter_cfg.c **** {
  77:Generated_Source\PSoC4/cyfitter_cfg.c **** 	(void)memset(s, 0, n);
  78:Generated_Source\PSoC4/cyfitter_cfg.c **** }
  79:Generated_Source\PSoC4/cyfitter_cfg.c **** CY_CFG_UNUSED
  80:Generated_Source\PSoC4/cyfitter_cfg.c **** static void CYCONFIGCPY(void *dest, const void *src, size_t n);
  81:Generated_Source\PSoC4/cyfitter_cfg.c **** CY_CFG_UNUSED
  82:Generated_Source\PSoC4/cyfitter_cfg.c **** static void CYCONFIGCPY(void *dest, const void *src, size_t n)
  83:Generated_Source\PSoC4/cyfitter_cfg.c **** {
  84:Generated_Source\PSoC4/cyfitter_cfg.c **** 	(void)memcpy(dest, src, n);
  85:Generated_Source\PSoC4/cyfitter_cfg.c **** }
  86:Generated_Source\PSoC4/cyfitter_cfg.c **** CY_CFG_UNUSED
  87:Generated_Source\PSoC4/cyfitter_cfg.c **** static void CYCONFIGCPYCODE(void *dest, const void *src, size_t n);
  88:Generated_Source\PSoC4/cyfitter_cfg.c **** CY_CFG_UNUSED
ARM GAS  C:\Users\maluv\AppData\Local\Temp\ccyg7BFx.s 			page 3


  89:Generated_Source\PSoC4/cyfitter_cfg.c **** static void CYCONFIGCPYCODE(void *dest, const void *src, size_t n)
  90:Generated_Source\PSoC4/cyfitter_cfg.c **** {
  91:Generated_Source\PSoC4/cyfitter_cfg.c **** 	(void)memcpy(dest, src, n);
  92:Generated_Source\PSoC4/cyfitter_cfg.c **** }
  93:Generated_Source\PSoC4/cyfitter_cfg.c **** 
  94:Generated_Source\PSoC4/cyfitter_cfg.c **** 
  95:Generated_Source\PSoC4/cyfitter_cfg.c **** 
  96:Generated_Source\PSoC4/cyfitter_cfg.c **** 
  97:Generated_Source\PSoC4/cyfitter_cfg.c **** /* Clock startup error codes                                                   */
  98:Generated_Source\PSoC4/cyfitter_cfg.c **** #define CYCLOCKSTART_NO_ERROR    0u
  99:Generated_Source\PSoC4/cyfitter_cfg.c **** #define CYCLOCKSTART_XTAL_ERROR  1u
 100:Generated_Source\PSoC4/cyfitter_cfg.c **** #define CYCLOCKSTART_32KHZ_ERROR 2u
 101:Generated_Source\PSoC4/cyfitter_cfg.c **** #define CYCLOCKSTART_PLL_ERROR   3u
 102:Generated_Source\PSoC4/cyfitter_cfg.c **** #define CYCLOCKSTART_FLL_ERROR   4u
 103:Generated_Source\PSoC4/cyfitter_cfg.c **** #define CYCLOCKSTART_WCO_ERROR   5u
 104:Generated_Source\PSoC4/cyfitter_cfg.c **** 
 105:Generated_Source\PSoC4/cyfitter_cfg.c **** 
 106:Generated_Source\PSoC4/cyfitter_cfg.c **** #ifdef CY_NEED_CYCLOCKSTARTUPERROR
 107:Generated_Source\PSoC4/cyfitter_cfg.c **** /*******************************************************************************
 108:Generated_Source\PSoC4/cyfitter_cfg.c **** * Function Name: CyClockStartupError
 109:Generated_Source\PSoC4/cyfitter_cfg.c **** ********************************************************************************
 110:Generated_Source\PSoC4/cyfitter_cfg.c **** * Summary:
 111:Generated_Source\PSoC4/cyfitter_cfg.c **** *  If an error is encountered during clock configuration (crystal startup error,
 112:Generated_Source\PSoC4/cyfitter_cfg.c **** *  PLL lock error, etc.), the system will end up here.  Unless reimplemented by
 113:Generated_Source\PSoC4/cyfitter_cfg.c **** *  the customer, this function will stop in an infinite loop.
 114:Generated_Source\PSoC4/cyfitter_cfg.c **** *
 115:Generated_Source\PSoC4/cyfitter_cfg.c **** * Parameters:
 116:Generated_Source\PSoC4/cyfitter_cfg.c **** *   void
 117:Generated_Source\PSoC4/cyfitter_cfg.c **** *
 118:Generated_Source\PSoC4/cyfitter_cfg.c **** * Return:
 119:Generated_Source\PSoC4/cyfitter_cfg.c **** *   void
 120:Generated_Source\PSoC4/cyfitter_cfg.c **** *
 121:Generated_Source\PSoC4/cyfitter_cfg.c **** *******************************************************************************/
 122:Generated_Source\PSoC4/cyfitter_cfg.c **** CY_CFG_UNUSED
 123:Generated_Source\PSoC4/cyfitter_cfg.c **** static void CyClockStartupError(uint8 errorCode);
 124:Generated_Source\PSoC4/cyfitter_cfg.c **** CY_CFG_UNUSED
 125:Generated_Source\PSoC4/cyfitter_cfg.c **** static void CyClockStartupError(uint8 errorCode)
 126:Generated_Source\PSoC4/cyfitter_cfg.c **** {
 127:Generated_Source\PSoC4/cyfitter_cfg.c ****     /* To remove the compiler warning if errorCode not used.                */
 128:Generated_Source\PSoC4/cyfitter_cfg.c ****     errorCode = errorCode;
 129:Generated_Source\PSoC4/cyfitter_cfg.c **** 
 130:Generated_Source\PSoC4/cyfitter_cfg.c ****     /* If we have a clock startup error (bad MHz crystal, PLL lock, etc.),  */
 131:Generated_Source\PSoC4/cyfitter_cfg.c ****     /* we will end up here to allow the customer to implement something to  */
 132:Generated_Source\PSoC4/cyfitter_cfg.c ****     /* deal with the clock condition.                                       */
 133:Generated_Source\PSoC4/cyfitter_cfg.c **** 
 134:Generated_Source\PSoC4/cyfitter_cfg.c **** #ifdef CY_CFG_CLOCK_STARTUP_ERROR_CALLBACK
 135:Generated_Source\PSoC4/cyfitter_cfg.c ****     CY_CFG_Clock_Startup_ErrorCallback();
 136:Generated_Source\PSoC4/cyfitter_cfg.c **** #else
 137:Generated_Source\PSoC4/cyfitter_cfg.c ****     /*  If not using CY_CFG_CLOCK_STARTUP_ERROR_CALLBACK, place your clock startup code here. */
 138:Generated_Source\PSoC4/cyfitter_cfg.c ****     /* `#START CyClockStartupError` */
 139:Generated_Source\PSoC4/cyfitter_cfg.c **** 
 140:Generated_Source\PSoC4/cyfitter_cfg.c **** 
 141:Generated_Source\PSoC4/cyfitter_cfg.c **** 
 142:Generated_Source\PSoC4/cyfitter_cfg.c ****     /* `#END` */
 143:Generated_Source\PSoC4/cyfitter_cfg.c **** 
 144:Generated_Source\PSoC4/cyfitter_cfg.c ****     while(1) {}
 145:Generated_Source\PSoC4/cyfitter_cfg.c **** #endif /* CY_CFG_CLOCK_STARTUP_ERROR_CALLBACK */
ARM GAS  C:\Users\maluv\AppData\Local\Temp\ccyg7BFx.s 			page 4


 146:Generated_Source\PSoC4/cyfitter_cfg.c **** }
 147:Generated_Source\PSoC4/cyfitter_cfg.c **** #endif
 148:Generated_Source\PSoC4/cyfitter_cfg.c **** 
 149:Generated_Source\PSoC4/cyfitter_cfg.c **** 
 150:Generated_Source\PSoC4/cyfitter_cfg.c **** 
 151:Generated_Source\PSoC4/cyfitter_cfg.c **** /*******************************************************************************
 152:Generated_Source\PSoC4/cyfitter_cfg.c **** * Function Name: ClockSetup
 153:Generated_Source\PSoC4/cyfitter_cfg.c **** ********************************************************************************
 154:Generated_Source\PSoC4/cyfitter_cfg.c **** *
 155:Generated_Source\PSoC4/cyfitter_cfg.c **** * Summary:
 156:Generated_Source\PSoC4/cyfitter_cfg.c **** *   Performs the initialization of all of the clocks in the device based on the
 157:Generated_Source\PSoC4/cyfitter_cfg.c **** *   settings in the Clock tab of the DWR.  This includes enabling the requested
 158:Generated_Source\PSoC4/cyfitter_cfg.c **** *   clocks and setting the necessary dividers to produce the desired frequency. 
 159:Generated_Source\PSoC4/cyfitter_cfg.c **** *
 160:Generated_Source\PSoC4/cyfitter_cfg.c **** * Parameters:
 161:Generated_Source\PSoC4/cyfitter_cfg.c **** *   void
 162:Generated_Source\PSoC4/cyfitter_cfg.c **** *
 163:Generated_Source\PSoC4/cyfitter_cfg.c **** * Return:
 164:Generated_Source\PSoC4/cyfitter_cfg.c **** *   void
 165:Generated_Source\PSoC4/cyfitter_cfg.c **** *
 166:Generated_Source\PSoC4/cyfitter_cfg.c **** *******************************************************************************/
 167:Generated_Source\PSoC4/cyfitter_cfg.c **** static void ClockSetup(void);
 168:Generated_Source\PSoC4/cyfitter_cfg.c **** CY_CFG_SECTION
 169:Generated_Source\PSoC4/cyfitter_cfg.c **** static void ClockSetup(void)
 170:Generated_Source\PSoC4/cyfitter_cfg.c **** {
 171:Generated_Source\PSoC4/cyfitter_cfg.c **** 
 172:Generated_Source\PSoC4/cyfitter_cfg.c **** 	/* Set Flash Cycles based on max possible frequency in case a glitch occurs during ClockSetup(). *
 173:Generated_Source\PSoC4/cyfitter_cfg.c **** 	CY_SET_REG32((void CYXDATA *)(CYREG_CPUSS_FLASH_CTL), (0x0012u));
 174:Generated_Source\PSoC4/cyfitter_cfg.c **** 
 175:Generated_Source\PSoC4/cyfitter_cfg.c **** 	/* Start the WCO */
 176:Generated_Source\PSoC4/cyfitter_cfg.c **** 	CySysClkWcoStart();
 177:Generated_Source\PSoC4/cyfitter_cfg.c **** 	CyDelayCycles(12000000u); /* WCO may take up to 500ms to start */
 178:Generated_Source\PSoC4/cyfitter_cfg.c **** 	(void)CySysClkWcoSetPowerMode(CY_SYS_CLK_WCO_LPM);    /* Switch to the low power mode */
 179:Generated_Source\PSoC4/cyfitter_cfg.c **** 
 180:Generated_Source\PSoC4/cyfitter_cfg.c **** 	/* Setup and trim IMO based on desired frequency. */
 181:Generated_Source\PSoC4/cyfitter_cfg.c **** 	CySysClkWriteImoFreq(24u);
 182:Generated_Source\PSoC4/cyfitter_cfg.c **** 	/* CYDEV_CLK_ILO_CONFIG Starting address: CYDEV_CLK_ILO_CONFIG */
 183:Generated_Source\PSoC4/cyfitter_cfg.c **** 	CY_SET_REG32((void *)(CYREG_CLK_ILO_CONFIG), 0x80000006u);
 184:Generated_Source\PSoC4/cyfitter_cfg.c **** 
 185:Generated_Source\PSoC4/cyfitter_cfg.c **** 	/* CYDEV_WDT_CONFIG Starting address: CYDEV_WDT_CONFIG */
 186:Generated_Source\PSoC4/cyfitter_cfg.c **** 	CY_SET_REG32((void *)(CYREG_WDT_CONFIG), 0x40000000u);
 187:Generated_Source\PSoC4/cyfitter_cfg.c **** 
 188:Generated_Source\PSoC4/cyfitter_cfg.c **** 
 189:Generated_Source\PSoC4/cyfitter_cfg.c **** 	/* Enable fast start mode for XO */
 190:Generated_Source\PSoC4/cyfitter_cfg.c **** 	CY_SET_REG32((void*)CYREG_BLE_BLERD_BB_XO, CY_GET_REG32((void*)CYREG_BLE_BLERD_BB_XO) | (uint32)0x
 191:Generated_Source\PSoC4/cyfitter_cfg.c **** 	CY_SET_REG32((void *)(CYREG_BLE_BLERD_BB_XO_CAPTRIM), 0x00003E2Du);
 192:Generated_Source\PSoC4/cyfitter_cfg.c **** 	/*Set XTAL(ECO) divider*/
 193:Generated_Source\PSoC4/cyfitter_cfg.c **** 	CY_SET_REG32((void *)(CYREG_BLE_BLESS_XTAL_CLK_DIV_CONFIG), 0x00000000u);
 194:Generated_Source\PSoC4/cyfitter_cfg.c **** 	/* Disable Crystal Stable Interrupt before enabling ECO */
 195:Generated_Source\PSoC4/cyfitter_cfg.c **** 	CY_SET_REG32((void*)CYREG_BLE_BLESS_LL_DSM_CTRL, CY_GET_REG32((void*)CYREG_BLE_BLESS_LL_DSM_CTRL) 
 196:Generated_Source\PSoC4/cyfitter_cfg.c **** 	/* Start the ECO and do not check status since it is not needed for HFCLK */
 197:Generated_Source\PSoC4/cyfitter_cfg.c **** 	(void)CySysClkEcoStart(2000u);
 198:Generated_Source\PSoC4/cyfitter_cfg.c **** 	CyDelayUs(1500u); /* Wait to stabilize */
 199:Generated_Source\PSoC4/cyfitter_cfg.c **** 
 200:Generated_Source\PSoC4/cyfitter_cfg.c **** 	/* Setup phase aligned clocks */
 201:Generated_Source\PSoC4/cyfitter_cfg.c **** 
 202:Generated_Source\PSoC4/cyfitter_cfg.c **** 	/* CYDEV_CLK_IMO_CONFIG Starting address: CYDEV_CLK_IMO_CONFIG */
ARM GAS  C:\Users\maluv\AppData\Local\Temp\ccyg7BFx.s 			page 5


 203:Generated_Source\PSoC4/cyfitter_cfg.c **** 	CY_SET_REG32((void *)(CYREG_CLK_IMO_CONFIG), 0x80000000u);
 204:Generated_Source\PSoC4/cyfitter_cfg.c **** 
 205:Generated_Source\PSoC4/cyfitter_cfg.c **** 	/* CYDEV_CLK_SELECT Starting address: CYDEV_CLK_SELECT */
 206:Generated_Source\PSoC4/cyfitter_cfg.c **** 	CY_SET_REG32((void *)(CYREG_CLK_SELECT), 0x00000000u);
 207:Generated_Source\PSoC4/cyfitter_cfg.c **** 
 208:Generated_Source\PSoC4/cyfitter_cfg.c **** 	CY_SET_REG32((void *)(CYREG_WDT_CONFIG), 0x40000000u);
 209:Generated_Source\PSoC4/cyfitter_cfg.c **** 	/* Set Flash Cycles based on newly configured 24.00MHz HFCLK. */
 210:Generated_Source\PSoC4/cyfitter_cfg.c **** 	CY_SET_REG32((void CYXDATA *)(CYREG_CPUSS_FLASH_CTL), (0x0011u));
 211:Generated_Source\PSoC4/cyfitter_cfg.c **** }
 212:Generated_Source\PSoC4/cyfitter_cfg.c **** 
 213:Generated_Source\PSoC4/cyfitter_cfg.c **** 
 214:Generated_Source\PSoC4/cyfitter_cfg.c **** /* Analog API Functions */
 215:Generated_Source\PSoC4/cyfitter_cfg.c **** 
 216:Generated_Source\PSoC4/cyfitter_cfg.c **** 
 217:Generated_Source\PSoC4/cyfitter_cfg.c **** /*******************************************************************************
 218:Generated_Source\PSoC4/cyfitter_cfg.c **** * Function Name: AnalogSetDefault
 219:Generated_Source\PSoC4/cyfitter_cfg.c **** ********************************************************************************
 220:Generated_Source\PSoC4/cyfitter_cfg.c **** *
 221:Generated_Source\PSoC4/cyfitter_cfg.c **** * Summary:
 222:Generated_Source\PSoC4/cyfitter_cfg.c **** *  Sets up the analog portions of the chip to default values based on chip
 223:Generated_Source\PSoC4/cyfitter_cfg.c **** *  configuration options from the project.
 224:Generated_Source\PSoC4/cyfitter_cfg.c **** *
 225:Generated_Source\PSoC4/cyfitter_cfg.c **** * Parameters:
 226:Generated_Source\PSoC4/cyfitter_cfg.c **** *  void
 227:Generated_Source\PSoC4/cyfitter_cfg.c **** *
 228:Generated_Source\PSoC4/cyfitter_cfg.c **** * Return:
 229:Generated_Source\PSoC4/cyfitter_cfg.c **** *  void
 230:Generated_Source\PSoC4/cyfitter_cfg.c **** *
 231:Generated_Source\PSoC4/cyfitter_cfg.c **** *******************************************************************************/
 232:Generated_Source\PSoC4/cyfitter_cfg.c **** static void AnalogSetDefault(void);
 233:Generated_Source\PSoC4/cyfitter_cfg.c **** static void AnalogSetDefault(void)
 234:Generated_Source\PSoC4/cyfitter_cfg.c **** {
  27              		.loc 1 234 0
  28              		.cfi_startproc
  29              		@ args = 0, pretend = 0, frame = 0
  30              		@ frame_needed = 0, uses_anonymous_args = 0
  31              		@ link register save eliminated.
 235:Generated_Source\PSoC4/cyfitter_cfg.c **** 	CY_SET_XTND_REG32((void CYFAR *)CYREG_CTBM0_DFT_CTRL, 0x00000003u);
  32              		.loc 1 235 0
  33 0000 0323     		movs	r3, #3
  34 0002 044A     		ldr	r2, .L2
  35 0004 1360     		str	r3, [r2]
 236:Generated_Source\PSoC4/cyfitter_cfg.c **** 	CY_SET_XTND_REG32((void CYFAR *)CYREG_CTBM1_DFT_CTRL, 0x00000003u);
  36              		.loc 1 236 0
  37 0006 044A     		ldr	r2, .L2+4
  38 0008 1360     		str	r3, [r2]
 237:Generated_Source\PSoC4/cyfitter_cfg.c **** 	CY_SET_XTND_REG32((void CYFAR *)CYREG_PASS_DSAB_DSAB_CTRL, 0x00000000u);
  39              		.loc 1 237 0
  40 000a 0022     		movs	r2, #0
  41 000c 034B     		ldr	r3, .L2+8
  42 000e 1A60     		str	r2, [r3]
 238:Generated_Source\PSoC4/cyfitter_cfg.c **** }
  43              		.loc 1 238 0
  44              		@ sp needed
  45 0010 7047     		bx	lr
  46              	.L3:
  47 0012 C046     		.align	2
ARM GAS  C:\Users\maluv\AppData\Local\Temp\ccyg7BFx.s 			page 6


  48              	.L2:
  49 0014 30003040 		.word	1076887600
  50 0018 30003140 		.word	1076953136
  51 001c 000E3F40 		.word	1077874176
  52              		.cfi_endproc
  53              	.LFE6:
  54              		.size	AnalogSetDefault, .-AnalogSetDefault
  55              		.section	.text.CYMEMZERO,"ax",%progbits
  56              		.align	2
  57              		.code	16
  58              		.thumb_func
  59              		.type	CYMEMZERO, %function
  60              	CYMEMZERO:
  61              	.LFB2:
  76:Generated_Source\PSoC4/cyfitter_cfg.c **** 	(void)memset(s, 0, n);
  62              		.loc 1 76 0
  63              		.cfi_startproc
  64              		@ args = 0, pretend = 0, frame = 0
  65              		@ frame_needed = 0, uses_anonymous_args = 0
  66              	.LVL0:
  67 0000 10B5     		push	{r4, lr}
  68              		.cfi_def_cfa_offset 8
  69              		.cfi_offset 4, -8
  70              		.cfi_offset 14, -4
  71 0002 0A00     		movs	r2, r1
  77:Generated_Source\PSoC4/cyfitter_cfg.c **** }
  72              		.loc 1 77 0
  73 0004 0021     		movs	r1, #0
  74              	.LVL1:
  75 0006 FFF7FEFF 		bl	memset
  76              	.LVL2:
  78:Generated_Source\PSoC4/cyfitter_cfg.c **** CY_CFG_UNUSED
  77              		.loc 1 78 0
  78              		@ sp needed
  79 000a 10BD     		pop	{r4, pc}
  80              		.cfi_endproc
  81              	.LFE2:
  82              		.size	CYMEMZERO, .-CYMEMZERO
  83              		.section	.psocinit,"ax",%progbits
  84              		.align	2
  85              		.code	16
  86              		.thumb_func
  87              		.type	ClockSetup, %function
  88              	ClockSetup:
  89              	.LFB5:
 170:Generated_Source\PSoC4/cyfitter_cfg.c **** 
  90              		.loc 1 170 0
  91              		.cfi_startproc
  92              		@ args = 0, pretend = 0, frame = 0
  93              		@ frame_needed = 0, uses_anonymous_args = 0
  94 0000 F8B5     		push	{r3, r4, r5, r6, r7, lr}
  95              		.cfi_def_cfa_offset 24
  96              		.cfi_offset 3, -24
  97              		.cfi_offset 4, -20
  98              		.cfi_offset 5, -16
  99              		.cfi_offset 6, -12
 100              		.cfi_offset 7, -8
ARM GAS  C:\Users\maluv\AppData\Local\Temp\ccyg7BFx.s 			page 7


 101              		.cfi_offset 14, -4
 173:Generated_Source\PSoC4/cyfitter_cfg.c **** 
 102              		.loc 1 173 0
 103 0002 1B4C     		ldr	r4, .L6
 104 0004 1223     		movs	r3, #18
 105 0006 2360     		str	r3, [r4]
 176:Generated_Source\PSoC4/cyfitter_cfg.c **** 	CyDelayCycles(12000000u); /* WCO may take up to 500ms to start */
 106              		.loc 1 176 0
 107 0008 FFF7FEFF 		bl	CySysClkWcoStart
 108              	.LVL3:
 177:Generated_Source\PSoC4/cyfitter_cfg.c **** 	(void)CySysClkWcoSetPowerMode(CY_SYS_CLK_WCO_LPM);    /* Switch to the low power mode */
 109              		.loc 1 177 0
 110 000c 1948     		ldr	r0, .L6+4
 111 000e FFF7FEFF 		bl	CyDelayCycles
 112              	.LVL4:
 178:Generated_Source\PSoC4/cyfitter_cfg.c **** 
 113              		.loc 1 178 0
 114 0012 0120     		movs	r0, #1
 115 0014 FFF7FEFF 		bl	CySysClkWcoSetPowerMode
 116              	.LVL5:
 181:Generated_Source\PSoC4/cyfitter_cfg.c **** 	/* CYDEV_CLK_ILO_CONFIG Starting address: CYDEV_CLK_ILO_CONFIG */
 117              		.loc 1 181 0
 118 0018 1820     		movs	r0, #24
 119 001a FFF7FEFF 		bl	CySysClkWriteImoFreq
 120              	.LVL6:
 183:Generated_Source\PSoC4/cyfitter_cfg.c **** 
 121              		.loc 1 183 0
 122 001e 164A     		ldr	r2, .L6+8
 123 0020 164B     		ldr	r3, .L6+12
 124 0022 1A60     		str	r2, [r3]
 186:Generated_Source\PSoC4/cyfitter_cfg.c **** 
 125              		.loc 1 186 0
 126 0024 164D     		ldr	r5, .L6+16
 127 0026 8026     		movs	r6, #128
 128 0028 F605     		lsls	r6, r6, #23
 129 002a 2E60     		str	r6, [r5]
 190:Generated_Source\PSoC4/cyfitter_cfg.c **** 	CY_SET_REG32((void *)(CYREG_BLE_BLERD_BB_XO_CAPTRIM), 0x00003E2Du);
 130              		.loc 1 190 0
 131 002c 154A     		ldr	r2, .L6+20
 132 002e 1168     		ldr	r1, [r2]
 133 0030 0223     		movs	r3, #2
 134 0032 0B43     		orrs	r3, r1
 135 0034 1360     		str	r3, [r2]
 191:Generated_Source\PSoC4/cyfitter_cfg.c **** 	/*Set XTAL(ECO) divider*/
 136              		.loc 1 191 0
 137 0036 144A     		ldr	r2, .L6+24
 138 0038 144B     		ldr	r3, .L6+28
 139 003a 1A60     		str	r2, [r3]
 193:Generated_Source\PSoC4/cyfitter_cfg.c **** 	/* Disable Crystal Stable Interrupt before enabling ECO */
 140              		.loc 1 193 0
 141 003c 0027     		movs	r7, #0
 142 003e 144B     		ldr	r3, .L6+32
 143 0040 1F60     		str	r7, [r3]
 195:Generated_Source\PSoC4/cyfitter_cfg.c **** 	/* Start the ECO and do not check status since it is not needed for HFCLK */
 144              		.loc 1 195 0
 145 0042 144A     		ldr	r2, .L6+36
 146 0044 1368     		ldr	r3, [r2]
ARM GAS  C:\Users\maluv\AppData\Local\Temp\ccyg7BFx.s 			page 8


 147 0046 0821     		movs	r1, #8
 148 0048 8B43     		bics	r3, r1
 149 004a 1360     		str	r3, [r2]
 197:Generated_Source\PSoC4/cyfitter_cfg.c **** 	CyDelayUs(1500u); /* Wait to stabilize */
 150              		.loc 1 197 0
 151 004c FA20     		movs	r0, #250
 152 004e C000     		lsls	r0, r0, #3
 153 0050 FFF7FEFF 		bl	CySysClkEcoStart
 154              	.LVL7:
 198:Generated_Source\PSoC4/cyfitter_cfg.c **** 
 155              		.loc 1 198 0
 156 0054 1048     		ldr	r0, .L6+40
 157 0056 FFF7FEFF 		bl	CyDelayUs
 158              	.LVL8:
 203:Generated_Source\PSoC4/cyfitter_cfg.c **** 
 159              		.loc 1 203 0
 160 005a 8022     		movs	r2, #128
 161 005c 1206     		lsls	r2, r2, #24
 162 005e 0F4B     		ldr	r3, .L6+44
 163 0060 1A60     		str	r2, [r3]
 206:Generated_Source\PSoC4/cyfitter_cfg.c **** 
 164              		.loc 1 206 0
 165 0062 0F4B     		ldr	r3, .L6+48
 166 0064 1F60     		str	r7, [r3]
 208:Generated_Source\PSoC4/cyfitter_cfg.c **** 	/* Set Flash Cycles based on newly configured 24.00MHz HFCLK. */
 167              		.loc 1 208 0
 168 0066 2E60     		str	r6, [r5]
 210:Generated_Source\PSoC4/cyfitter_cfg.c **** }
 169              		.loc 1 210 0
 170 0068 1123     		movs	r3, #17
 171 006a 2360     		str	r3, [r4]
 211:Generated_Source\PSoC4/cyfitter_cfg.c **** 
 172              		.loc 1 211 0
 173              		@ sp needed
 174 006c F8BD     		pop	{r3, r4, r5, r6, r7, pc}
 175              	.L7:
 176 006e C046     		.align	2
 177              	.L6:
 178 0070 30001040 		.word	1074790448
 179 0074 001BB700 		.word	12000000
 180 0078 06000080 		.word	-2147483642
 181 007c 04010B40 		.word	1074462980
 182 0080 0C020B40 		.word	1074463244
 183 0084 78002E40 		.word	1076756600
 184 0088 2D3E0000 		.word	15917
 185 008c 7C002E40 		.word	1076756604
 186 0090 64F02E40 		.word	1076818020
 187 0094 6CF02E40 		.word	1076818028
 188 0098 DC050000 		.word	1500
 189 009c 08010B40 		.word	1074462984
 190 00a0 00010B40 		.word	1074462976
 191              		.cfi_endproc
 192              	.LFE5:
 193              		.size	ClockSetup, .-ClockSetup
 194              		.align	2
 195              		.global	cyfitter_cfg
 196              		.code	16
ARM GAS  C:\Users\maluv\AppData\Local\Temp\ccyg7BFx.s 			page 9


 197              		.thumb_func
 198              		.type	cyfitter_cfg, %function
 199              	cyfitter_cfg:
 200              	.LFB7:
 239:Generated_Source\PSoC4/cyfitter_cfg.c **** 
 240:Generated_Source\PSoC4/cyfitter_cfg.c **** 
 241:Generated_Source\PSoC4/cyfitter_cfg.c **** 
 242:Generated_Source\PSoC4/cyfitter_cfg.c **** 
 243:Generated_Source\PSoC4/cyfitter_cfg.c **** /*******************************************************************************
 244:Generated_Source\PSoC4/cyfitter_cfg.c **** * Function Name: cyfitter_cfg
 245:Generated_Source\PSoC4/cyfitter_cfg.c **** ********************************************************************************
 246:Generated_Source\PSoC4/cyfitter_cfg.c **** * Summary:
 247:Generated_Source\PSoC4/cyfitter_cfg.c **** *  This function is called by the start-up code for the selected device. It
 248:Generated_Source\PSoC4/cyfitter_cfg.c **** *  performs all of the necessary device configuration based on the design
 249:Generated_Source\PSoC4/cyfitter_cfg.c **** *  settings.  This includes settings from the Design Wide Resources (DWR) such
 250:Generated_Source\PSoC4/cyfitter_cfg.c **** *  as Clocks and Pins as well as any component configuration that is necessary.
 251:Generated_Source\PSoC4/cyfitter_cfg.c **** *
 252:Generated_Source\PSoC4/cyfitter_cfg.c **** * Parameters:
 253:Generated_Source\PSoC4/cyfitter_cfg.c **** *   void
 254:Generated_Source\PSoC4/cyfitter_cfg.c **** *
 255:Generated_Source\PSoC4/cyfitter_cfg.c **** * Return:
 256:Generated_Source\PSoC4/cyfitter_cfg.c **** *   void
 257:Generated_Source\PSoC4/cyfitter_cfg.c **** *
 258:Generated_Source\PSoC4/cyfitter_cfg.c **** *******************************************************************************/
 259:Generated_Source\PSoC4/cyfitter_cfg.c **** CY_CFG_SECTION
 260:Generated_Source\PSoC4/cyfitter_cfg.c **** void cyfitter_cfg(void)
 261:Generated_Source\PSoC4/cyfitter_cfg.c **** {
 201              		.loc 1 261 0
 202              		.cfi_startproc
 203              		@ args = 0, pretend = 0, frame = 0
 204              		@ frame_needed = 0, uses_anonymous_args = 0
 205 00a4 10B5     		push	{r4, lr}
 206              		.cfi_def_cfa_offset 8
 207              		.cfi_offset 4, -8
 208              		.cfi_offset 14, -4
 262:Generated_Source\PSoC4/cyfitter_cfg.c **** 	/* Disable interrupts by default. Let user enable if/when they want. */
 263:Generated_Source\PSoC4/cyfitter_cfg.c **** 	CyGlobalIntDisable;
 209              		.loc 1 263 0
 210              		.syntax divided
 211              	@ 263 "Generated_Source\PSoC4\cyfitter_cfg.c" 1
 212 00a6 72B6     		CPSID   i
 213              	@ 0 "" 2
 264:Generated_Source\PSoC4/cyfitter_cfg.c **** 
 265:Generated_Source\PSoC4/cyfitter_cfg.c **** 	CY_SET_REG32((void *)(CYREG_BLE_BLESS_LL_DSM_CTRL), 0x00000000u);
 214              		.loc 1 265 0
 215              		.thumb
 216              		.syntax unified
 217 00a8 0022     		movs	r2, #0
 218 00aa 1A4B     		ldr	r3, .L11
 219 00ac 1A60     		str	r2, [r3]
 220              	.LVL9:
 221              	.LBB2:
 266:Generated_Source\PSoC4/cyfitter_cfg.c **** 
 267:Generated_Source\PSoC4/cyfitter_cfg.c **** 	{
 268:Generated_Source\PSoC4/cyfitter_cfg.c **** 
 269:Generated_Source\PSoC4/cyfitter_cfg.c **** 		CYPACKED typedef struct {
 270:Generated_Source\PSoC4/cyfitter_cfg.c **** 			void CYFAR *address;
ARM GAS  C:\Users\maluv\AppData\Local\Temp\ccyg7BFx.s 			page 10


 271:Generated_Source\PSoC4/cyfitter_cfg.c **** 			uint16 size;
 272:Generated_Source\PSoC4/cyfitter_cfg.c **** 		} CYPACKED_ATTR cfg_memset_t;
 273:Generated_Source\PSoC4/cyfitter_cfg.c **** 
 274:Generated_Source\PSoC4/cyfitter_cfg.c **** 		static const cfg_memset_t CYCODE cfg_memset_list[] = {
 275:Generated_Source\PSoC4/cyfitter_cfg.c **** 			/* address, size */
 276:Generated_Source\PSoC4/cyfitter_cfg.c **** 			{(void CYFAR *)(CYDEV_UDB_P0_U0_BASE), 1024u},
 277:Generated_Source\PSoC4/cyfitter_cfg.c **** 			{(void CYFAR *)(CYDEV_UDB_DSI0_BASE), 1024u},
 278:Generated_Source\PSoC4/cyfitter_cfg.c **** 		};
 279:Generated_Source\PSoC4/cyfitter_cfg.c **** 
 280:Generated_Source\PSoC4/cyfitter_cfg.c **** 		uint8 CYDATA i;
 281:Generated_Source\PSoC4/cyfitter_cfg.c **** 
 282:Generated_Source\PSoC4/cyfitter_cfg.c **** 		/* Zero out critical memory blocks before beginning configuration */
 283:Generated_Source\PSoC4/cyfitter_cfg.c **** 		for (i = 0u; i < (sizeof(cfg_memset_list)/sizeof(cfg_memset_list[0])); i++)
 222              		.loc 1 283 0
 223 00ae 0024     		movs	r4, #0
 224 00b0 0FE0     		b	.L9
 225              	.LVL10:
 226              	.L10:
 227              	.LBB3:
 284:Generated_Source\PSoC4/cyfitter_cfg.c **** 		{
 285:Generated_Source\PSoC4/cyfitter_cfg.c **** 			const cfg_memset_t CYCODE * CYDATA ms = &cfg_memset_list[i];
 286:Generated_Source\PSoC4/cyfitter_cfg.c **** 			CYMEMZERO(ms->address, (size_t)(uint32)(ms->size));
 228              		.loc 1 286 0 discriminator 3
 229 00b2 1948     		ldr	r0, .L11+4
 230 00b4 6200     		lsls	r2, r4, #1
 231 00b6 1319     		adds	r3, r2, r4
 232 00b8 5900     		lsls	r1, r3, #1
 233 00ba 0B00     		movs	r3, r1
 234 00bc 4118     		adds	r1, r0, r1
 235 00be 8988     		ldrh	r1, [r1, #4]
 236 00c0 1A5A     		ldrh	r2, [r3, r0]
 237 00c2 C318     		adds	r3, r0, r3
 238 00c4 5888     		ldrh	r0, [r3, #2]
 239 00c6 0004     		lsls	r0, r0, #16
 240 00c8 1043     		orrs	r0, r2
 241 00ca FFF7FEFF 		bl	CYMEMZERO
 242              	.LVL11:
 243              	.LBE3:
 283:Generated_Source\PSoC4/cyfitter_cfg.c **** 		{
 244              		.loc 1 283 0 discriminator 3
 245 00ce 0134     		adds	r4, r4, #1
 246              	.LVL12:
 247 00d0 E4B2     		uxtb	r4, r4
 248              	.LVL13:
 249              	.L9:
 283:Generated_Source\PSoC4/cyfitter_cfg.c **** 		{
 250              		.loc 1 283 0 is_stmt 0 discriminator 1
 251 00d2 012C     		cmp	r4, #1
 252 00d4 EDD9     		bls	.L10
 287:Generated_Source\PSoC4/cyfitter_cfg.c **** 		}
 288:Generated_Source\PSoC4/cyfitter_cfg.c **** 
 289:Generated_Source\PSoC4/cyfitter_cfg.c **** 		/* FORCED_HSIOM Starting address: CYDEV_HSIOM_PORT_SEL0 */
 290:Generated_Source\PSoC4/cyfitter_cfg.c **** 		CY_SET_REG32((void *)(CYREG_HSIOM_PORT_SEL0), 0x00000000u);
 253              		.loc 1 290 0 is_stmt 1
 254 00d6 0023     		movs	r3, #0
 255 00d8 104A     		ldr	r2, .L11+8
 256 00da 1360     		str	r3, [r2]
ARM GAS  C:\Users\maluv\AppData\Local\Temp\ccyg7BFx.s 			page 11


 291:Generated_Source\PSoC4/cyfitter_cfg.c **** 
 292:Generated_Source\PSoC4/cyfitter_cfg.c **** 		/* IOPINS0_0 Starting address: CYDEV_GPIO_PRT0_PC */
 293:Generated_Source\PSoC4/cyfitter_cfg.c **** 		CY_SET_REG32((void *)(CYREG_GPIO_PRT0_PC), 0x00000000u);
 257              		.loc 1 293 0
 258 00dc 104A     		ldr	r2, .L11+12
 259 00de 1360     		str	r3, [r2]
 294:Generated_Source\PSoC4/cyfitter_cfg.c **** 
 295:Generated_Source\PSoC4/cyfitter_cfg.c **** 		/* UDB_PA_1 Starting address: CYDEV_UDB_PA1_BASE */
 296:Generated_Source\PSoC4/cyfitter_cfg.c **** 		CY_SET_REG32((void *)(CYDEV_UDB_PA1_BASE), 0x00990000u);
 260              		.loc 1 296 0
 261 00e0 9923     		movs	r3, #153
 262 00e2 1B04     		lsls	r3, r3, #16
 263 00e4 0F4A     		ldr	r2, .L11+16
 264 00e6 1360     		str	r3, [r2]
 297:Generated_Source\PSoC4/cyfitter_cfg.c **** 
 298:Generated_Source\PSoC4/cyfitter_cfg.c **** 		/* UDB_PA_2 Starting address: CYDEV_UDB_PA2_BASE */
 299:Generated_Source\PSoC4/cyfitter_cfg.c **** 		CY_SET_REG32((void *)(CYDEV_UDB_PA2_BASE), 0x00990000u);
 265              		.loc 1 299 0
 266 00e8 0F4A     		ldr	r2, .L11+20
 267 00ea 1360     		str	r3, [r2]
 300:Generated_Source\PSoC4/cyfitter_cfg.c **** 
 301:Generated_Source\PSoC4/cyfitter_cfg.c **** 		/* Enable digital routing */
 302:Generated_Source\PSoC4/cyfitter_cfg.c **** 		CY_SET_XTND_REG8((void *)CYREG_UDB_UDBIF_BANK_CTL, (uint8)(CY_GET_XTND_REG8((void *)CYREG_UDB_UDB
 268              		.loc 1 302 0
 269 00ec 0F49     		ldr	r1, .L11+24
 270 00ee 0878     		ldrb	r0, [r1]
 271 00f0 0622     		movs	r2, #6
 272 00f2 0623     		movs	r3, #6
 273 00f4 0343     		orrs	r3, r0
 274 00f6 DBB2     		uxtb	r3, r3
 275 00f8 0B70     		strb	r3, [r1]
 276              	.LBE2:
 303:Generated_Source\PSoC4/cyfitter_cfg.c **** 	}
 304:Generated_Source\PSoC4/cyfitter_cfg.c **** 
 305:Generated_Source\PSoC4/cyfitter_cfg.c **** 	/* Perform second pass device configuration. These items must be configured in specific order afte
 306:Generated_Source\PSoC4/cyfitter_cfg.c **** 	/* IOPINS0_1 Starting address: CYDEV_GPIO_PRT1_BASE */
 307:Generated_Source\PSoC4/cyfitter_cfg.c **** 	CY_SET_REG32((void *)(CYREG_GPIO_PRT1_PC), 0x00000006u);
 277              		.loc 1 307 0
 278 00fa 0D4B     		ldr	r3, .L11+28
 279 00fc 1A60     		str	r2, [r3]
 308:Generated_Source\PSoC4/cyfitter_cfg.c **** 
 309:Generated_Source\PSoC4/cyfitter_cfg.c **** 	/* IOPINS0_2 Starting address: CYDEV_GPIO_PRT2_BASE */
 310:Generated_Source\PSoC4/cyfitter_cfg.c **** 	CY_SET_REG32((void *)(CYDEV_GPIO_PRT2_BASE), 0x00000001u);
 280              		.loc 1 310 0
 281 00fe 0121     		movs	r1, #1
 282 0100 0C4B     		ldr	r3, .L11+32
 283 0102 1960     		str	r1, [r3]
 311:Generated_Source\PSoC4/cyfitter_cfg.c **** 	CY_SET_REG32((void *)(CYREG_GPIO_PRT2_PC), 0x00000006u);
 284              		.loc 1 311 0
 285 0104 0C4B     		ldr	r3, .L11+36
 286 0106 1A60     		str	r2, [r3]
 312:Generated_Source\PSoC4/cyfitter_cfg.c **** 
 313:Generated_Source\PSoC4/cyfitter_cfg.c **** 
 314:Generated_Source\PSoC4/cyfitter_cfg.c **** 	/* Setup clocks based on selections from Clock DWR */
 315:Generated_Source\PSoC4/cyfitter_cfg.c **** 	ClockSetup();
 287              		.loc 1 315 0
 288 0108 FFF77AFF 		bl	ClockSetup
ARM GAS  C:\Users\maluv\AppData\Local\Temp\ccyg7BFx.s 			page 12


 289              	.LVL14:
 316:Generated_Source\PSoC4/cyfitter_cfg.c **** 
 317:Generated_Source\PSoC4/cyfitter_cfg.c **** 	/* Perform basic analog initialization to defaults */
 318:Generated_Source\PSoC4/cyfitter_cfg.c **** 	AnalogSetDefault();
 290              		.loc 1 318 0
 291 010c FFF7FEFF 		bl	AnalogSetDefault
 292              	.LVL15:
 319:Generated_Source\PSoC4/cyfitter_cfg.c **** 
 320:Generated_Source\PSoC4/cyfitter_cfg.c **** }
 293              		.loc 1 320 0
 294              		@ sp needed
 295              	.LVL16:
 296 0110 10BD     		pop	{r4, pc}
 297              	.L12:
 298 0112 C046     		.align	2
 299              	.L11:
 300 0114 6CF02E40 		.word	1076818028
 301 0118 00000000 		.word	.LANCHOR0
 302 011c 00000240 		.word	1073872896
 303 0120 08000440 		.word	1074003976
 304 0124 10500F40 		.word	1074745360
 305 0128 20500F40 		.word	1074745376
 306 012c 00700F40 		.word	1074753536
 307 0130 08010440 		.word	1074004232
 308 0134 00020440 		.word	1074004480
 309 0138 08020440 		.word	1074004488
 310              		.cfi_endproc
 311              	.LFE7:
 312              		.size	cyfitter_cfg, .-cyfitter_cfg
 313              		.section	.rodata
 314              		.align	2
 315              		.set	.LANCHOR0,. + 0
 316              		.type	cfg_memset_list.4884, %object
 317              		.size	cfg_memset_list.4884, 12
 318              	cfg_memset_list.4884:
 319 0000 00300F40 		.word	1074737152
 320 0004 0004     		.short	1024
 321 0006 00400F40 		.4byte	1074741248
 322 000a 0004     		.short	1024
 323              		.text
 324              	.Letext0:
 325              		.file 2 "c:\\program files (x86)\\cypress\\psoc creator\\4.4\\psoc creator\\import\\gnu\\arm\\5.4.
 326              		.file 3 "Generated_Source\\PSoC4\\cytypes.h"
 327              		.file 4 "Generated_Source\\PSoC4\\CyLFClk.h"
 328              		.file 5 "Generated_Source\\PSoC4\\CyLib.h"
 329              		.section	.debug_info,"",%progbits
 330              	.Ldebug_info0:
 331 0000 EC020000 		.4byte	0x2ec
 332 0004 0400     		.2byte	0x4
 333 0006 00000000 		.4byte	.Ldebug_abbrev0
 334 000a 04       		.byte	0x4
 335 000b 01       		.uleb128 0x1
 336 000c 18010000 		.4byte	.LASF32
 337 0010 0C       		.byte	0xc
 338 0011 58020000 		.4byte	.LASF33
 339 0015 09020000 		.4byte	.LASF34
 340 0019 00000000 		.4byte	.Ldebug_ranges0+0
ARM GAS  C:\Users\maluv\AppData\Local\Temp\ccyg7BFx.s 			page 13


 341 001d 00000000 		.4byte	0
 342 0021 00000000 		.4byte	.Ldebug_line0
 343 0025 02       		.uleb128 0x2
 344 0026 04       		.byte	0x4
 345 0027 05       		.byte	0x5
 346 0028 696E7400 		.ascii	"int\000"
 347 002c 03       		.uleb128 0x3
 348 002d 14000000 		.4byte	.LASF12
 349 0031 02       		.byte	0x2
 350 0032 D8       		.byte	0xd8
 351 0033 37000000 		.4byte	0x37
 352 0037 04       		.uleb128 0x4
 353 0038 04       		.byte	0x4
 354 0039 07       		.byte	0x7
 355 003a EC000000 		.4byte	.LASF0
 356 003e 04       		.uleb128 0x4
 357 003f 08       		.byte	0x8
 358 0040 05       		.byte	0x5
 359 0041 BC010000 		.4byte	.LASF1
 360 0045 04       		.uleb128 0x4
 361 0046 08       		.byte	0x8
 362 0047 04       		.byte	0x4
 363 0048 40020000 		.4byte	.LASF2
 364 004c 04       		.uleb128 0x4
 365 004d 01       		.byte	0x1
 366 004e 06       		.byte	0x6
 367 004f 4C020000 		.4byte	.LASF3
 368 0053 04       		.uleb128 0x4
 369 0054 01       		.byte	0x1
 370 0055 08       		.byte	0x8
 371 0056 B5000000 		.4byte	.LASF4
 372 005a 04       		.uleb128 0x4
 373 005b 02       		.byte	0x2
 374 005c 05       		.byte	0x5
 375 005d EA010000 		.4byte	.LASF5
 376 0061 04       		.uleb128 0x4
 377 0062 02       		.byte	0x2
 378 0063 07       		.byte	0x7
 379 0064 47000000 		.4byte	.LASF6
 380 0068 04       		.uleb128 0x4
 381 0069 04       		.byte	0x4
 382 006a 05       		.byte	0x5
 383 006b 37020000 		.4byte	.LASF7
 384 006f 04       		.uleb128 0x4
 385 0070 04       		.byte	0x4
 386 0071 07       		.byte	0x7
 387 0072 82000000 		.4byte	.LASF8
 388 0076 04       		.uleb128 0x4
 389 0077 08       		.byte	0x8
 390 0078 07       		.byte	0x7
 391 0079 01010000 		.4byte	.LASF9
 392 007d 04       		.uleb128 0x4
 393 007e 04       		.byte	0x4
 394 007f 07       		.byte	0x7
 395 0080 B3010000 		.4byte	.LASF10
 396 0084 05       		.uleb128 0x5
 397 0085 04       		.byte	0x4
ARM GAS  C:\Users\maluv\AppData\Local\Temp\ccyg7BFx.s 			page 14


 398 0086 04       		.uleb128 0x4
 399 0087 01       		.byte	0x1
 400 0088 08       		.byte	0x8
 401 0089 D4010000 		.4byte	.LASF11
 402 008d 06       		.uleb128 0x6
 403 008e 94000000 		.4byte	.LASF13
 404 0092 03       		.byte	0x3
 405 0093 FB01     		.2byte	0x1fb
 406 0095 53000000 		.4byte	0x53
 407 0099 06       		.uleb128 0x6
 408 009a DE000000 		.4byte	.LASF14
 409 009e 03       		.byte	0x3
 410 009f FC01     		.2byte	0x1fc
 411 00a1 61000000 		.4byte	0x61
 412 00a5 06       		.uleb128 0x6
 413 00a6 E5000000 		.4byte	.LASF15
 414 00aa 03       		.byte	0x3
 415 00ab FD01     		.2byte	0x1fd
 416 00ad 6F000000 		.4byte	0x6f
 417 00b1 04       		.uleb128 0x4
 418 00b2 04       		.byte	0x4
 419 00b3 04       		.byte	0x4
 420 00b4 5A000000 		.4byte	.LASF16
 421 00b8 04       		.uleb128 0x4
 422 00b9 08       		.byte	0x8
 423 00ba 04       		.byte	0x4
 424 00bb CA000000 		.4byte	.LASF17
 425 00bf 06       		.uleb128 0x6
 426 00c0 7D000000 		.4byte	.LASF18
 427 00c4 03       		.byte	0x3
 428 00c5 A502     		.2byte	0x2a5
 429 00c7 CB000000 		.4byte	0xcb
 430 00cb 07       		.uleb128 0x7
 431 00cc 8D000000 		.4byte	0x8d
 432 00d0 06       		.uleb128 0x6
 433 00d1 0E000000 		.4byte	.LASF19
 434 00d5 03       		.byte	0x3
 435 00d6 A702     		.2byte	0x2a7
 436 00d8 DC000000 		.4byte	0xdc
 437 00dc 07       		.uleb128 0x7
 438 00dd A5000000 		.4byte	0xa5
 439 00e1 08       		.uleb128 0x8
 440 00e2 1B000000 		.4byte	.LASF35
 441 00e6 01       		.byte	0x1
 442 00e7 E9       		.byte	0xe9
 443 00e8 00000000 		.4byte	.LFB6
 444 00ec 20000000 		.4byte	.LFE6-.LFB6
 445 00f0 01       		.uleb128 0x1
 446 00f1 9C       		.byte	0x9c
 447 00f2 09       		.uleb128 0x9
 448 00f3 AB000000 		.4byte	.LASF20
 449 00f7 01       		.byte	0x1
 450 00f8 4B       		.byte	0x4b
 451 00f9 00000000 		.4byte	.LFB2
 452 00fd 0C000000 		.4byte	.LFE2-.LFB2
 453 0101 01       		.uleb128 0x1
 454 0102 9C       		.byte	0x9c
ARM GAS  C:\Users\maluv\AppData\Local\Temp\ccyg7BFx.s 			page 15


 455 0103 3F010000 		.4byte	0x13f
 456 0107 0A       		.uleb128 0xa
 457 0108 7300     		.ascii	"s\000"
 458 010a 01       		.byte	0x1
 459 010b 4B       		.byte	0x4b
 460 010c 84000000 		.4byte	0x84
 461 0110 00000000 		.4byte	.LLST0
 462 0114 0A       		.uleb128 0xa
 463 0115 6E00     		.ascii	"n\000"
 464 0117 01       		.byte	0x1
 465 0118 4B       		.byte	0x4b
 466 0119 2C000000 		.4byte	0x2c
 467 011d 21000000 		.4byte	.LLST1
 468 0121 0B       		.uleb128 0xb
 469 0122 0A000000 		.4byte	.LVL2
 470 0126 A4020000 		.4byte	0x2a4
 471 012a 0C       		.uleb128 0xc
 472 012b 01       		.uleb128 0x1
 473 012c 50       		.byte	0x50
 474 012d 03       		.uleb128 0x3
 475 012e F3       		.byte	0xf3
 476 012f 01       		.uleb128 0x1
 477 0130 50       		.byte	0x50
 478 0131 0C       		.uleb128 0xc
 479 0132 01       		.uleb128 0x1
 480 0133 51       		.byte	0x51
 481 0134 01       		.uleb128 0x1
 482 0135 30       		.byte	0x30
 483 0136 0C       		.uleb128 0xc
 484 0137 01       		.uleb128 0x1
 485 0138 52       		.byte	0x52
 486 0139 03       		.uleb128 0x3
 487 013a F3       		.byte	0xf3
 488 013b 01       		.uleb128 0x1
 489 013c 51       		.byte	0x51
 490 013d 00       		.byte	0
 491 013e 00       		.byte	0
 492 013f 09       		.uleb128 0x9
 493 0140 3C000000 		.4byte	.LASF21
 494 0144 01       		.byte	0x1
 495 0145 A9       		.byte	0xa9
 496 0146 00000000 		.4byte	.LFB5
 497 014a A4000000 		.4byte	.LFE5-.LFB5
 498 014e 01       		.uleb128 0x1
 499 014f 9C       		.byte	0x9c
 500 0150 C1010000 		.4byte	0x1c1
 501 0154 0D       		.uleb128 0xd
 502 0155 0C000000 		.4byte	.LVL3
 503 0159 AD020000 		.4byte	0x2ad
 504 015d 0E       		.uleb128 0xe
 505 015e 12000000 		.4byte	.LVL4
 506 0162 B8020000 		.4byte	0x2b8
 507 0166 74010000 		.4byte	0x174
 508 016a 0C       		.uleb128 0xc
 509 016b 01       		.uleb128 0x1
 510 016c 50       		.byte	0x50
 511 016d 05       		.uleb128 0x5
ARM GAS  C:\Users\maluv\AppData\Local\Temp\ccyg7BFx.s 			page 16


 512 016e 0C       		.byte	0xc
 513 016f 001BB700 		.4byte	0xb71b00
 514 0173 00       		.byte	0
 515 0174 0E       		.uleb128 0xe
 516 0175 18000000 		.4byte	.LVL5
 517 0179 C3020000 		.4byte	0x2c3
 518 017d 87010000 		.4byte	0x187
 519 0181 0C       		.uleb128 0xc
 520 0182 01       		.uleb128 0x1
 521 0183 50       		.byte	0x50
 522 0184 01       		.uleb128 0x1
 523 0185 31       		.byte	0x31
 524 0186 00       		.byte	0
 525 0187 0E       		.uleb128 0xe
 526 0188 1E000000 		.4byte	.LVL6
 527 018c CE020000 		.4byte	0x2ce
 528 0190 9A010000 		.4byte	0x19a
 529 0194 0C       		.uleb128 0xc
 530 0195 01       		.uleb128 0x1
 531 0196 50       		.byte	0x50
 532 0197 01       		.uleb128 0x1
 533 0198 48       		.byte	0x48
 534 0199 00       		.byte	0
 535 019a 0E       		.uleb128 0xe
 536 019b 54000000 		.4byte	.LVL7
 537 019f D9020000 		.4byte	0x2d9
 538 01a3 AF010000 		.4byte	0x1af
 539 01a7 0C       		.uleb128 0xc
 540 01a8 01       		.uleb128 0x1
 541 01a9 50       		.byte	0x50
 542 01aa 03       		.uleb128 0x3
 543 01ab 0A       		.byte	0xa
 544 01ac D007     		.2byte	0x7d0
 545 01ae 00       		.byte	0
 546 01af 0B       		.uleb128 0xb
 547 01b0 5A000000 		.4byte	.LVL8
 548 01b4 E4020000 		.4byte	0x2e4
 549 01b8 0C       		.uleb128 0xc
 550 01b9 01       		.uleb128 0x1
 551 01ba 50       		.byte	0x50
 552 01bb 03       		.uleb128 0x3
 553 01bc 0A       		.byte	0xa
 554 01bd DC05     		.2byte	0x5dc
 555 01bf 00       		.byte	0
 556 01c0 00       		.byte	0
 557 01c1 0F       		.uleb128 0xf
 558 01c2 D1000000 		.4byte	.LASF36
 559 01c6 01       		.byte	0x1
 560 01c7 0401     		.2byte	0x104
 561 01c9 A4000000 		.4byte	.LFB7
 562 01cd 98000000 		.4byte	.LFE7-.LFB7
 563 01d1 01       		.uleb128 0x1
 564 01d2 9C       		.byte	0x9c
 565 01d3 A4020000 		.4byte	0x2a4
 566 01d7 10       		.uleb128 0x10
 567 01d8 AE000000 		.4byte	.LBB2
 568 01dc 4C000000 		.4byte	.LBE2-.LBB2
ARM GAS  C:\Users\maluv\AppData\Local\Temp\ccyg7BFx.s 			page 17


 569 01e0 91020000 		.4byte	0x291
 570 01e4 11       		.uleb128 0x11
 571 01e5 06       		.byte	0x6
 572 01e6 01       		.byte	0x1
 573 01e7 0D01     		.2byte	0x10d
 574 01e9 08020000 		.4byte	0x208
 575 01ed 12       		.uleb128 0x12
 576 01ee F9000000 		.4byte	.LASF22
 577 01f2 01       		.byte	0x1
 578 01f3 0E01     		.2byte	0x10e
 579 01f5 84000000 		.4byte	0x84
 580 01f9 00       		.byte	0
 581 01fa 12       		.uleb128 0x12
 582 01fb 60000000 		.4byte	.LASF23
 583 01ff 01       		.byte	0x1
 584 0200 0F01     		.2byte	0x10f
 585 0202 99000000 		.4byte	0x99
 586 0206 04       		.byte	0x4
 587 0207 00       		.byte	0
 588 0208 06       		.uleb128 0x6
 589 0209 A6010000 		.4byte	.LASF24
 590 020d 01       		.byte	0x1
 591 020e 1001     		.2byte	0x110
 592 0210 E4010000 		.4byte	0x1e4
 593 0214 13       		.uleb128 0x13
 594 0215 24020000 		.4byte	0x224
 595 0219 24020000 		.4byte	0x224
 596 021d 14       		.uleb128 0x14
 597 021e 7D000000 		.4byte	0x7d
 598 0222 01       		.byte	0x1
 599 0223 00       		.byte	0
 600 0224 15       		.uleb128 0x15
 601 0225 08020000 		.4byte	0x208
 602 0229 16       		.uleb128 0x16
 603 022a 2C000000 		.4byte	.LASF25
 604 022e 01       		.byte	0x1
 605 022f 1201     		.2byte	0x112
 606 0231 3B020000 		.4byte	0x23b
 607 0235 05       		.uleb128 0x5
 608 0236 03       		.byte	0x3
 609 0237 00000000 		.4byte	cfg_memset_list.4884
 610 023b 15       		.uleb128 0x15
 611 023c 14020000 		.4byte	0x214
 612 0240 17       		.uleb128 0x17
 613 0241 6900     		.ascii	"i\000"
 614 0243 01       		.byte	0x1
 615 0244 1801     		.2byte	0x118
 616 0246 8D000000 		.4byte	0x8d
 617 024a 4D000000 		.4byte	.LLST2
 618 024e 18       		.uleb128 0x18
 619 024f B2000000 		.4byte	.LBB3
 620 0253 1C000000 		.4byte	.LBE3-.LBB3
 621 0257 17       		.uleb128 0x17
 622 0258 6D7300   		.ascii	"ms\000"
 623 025b 01       		.byte	0x1
 624 025c 1D01     		.2byte	0x11d
 625 025e 66020000 		.4byte	0x266
ARM GAS  C:\Users\maluv\AppData\Local\Temp\ccyg7BFx.s 			page 18


 626 0262 77000000 		.4byte	.LLST3
 627 0266 19       		.uleb128 0x19
 628 0267 04       		.byte	0x4
 629 0268 24020000 		.4byte	0x224
 630 026c 0B       		.uleb128 0xb
 631 026d CE000000 		.4byte	.LVL11
 632 0271 F2000000 		.4byte	0xf2
 633 0275 0C       		.uleb128 0xc
 634 0276 01       		.uleb128 0x1
 635 0277 51       		.byte	0x51
 636 0278 15       		.uleb128 0x15
 637 0279 74       		.byte	0x74
 638 027a 00       		.sleb128 0
 639 027b 31       		.byte	0x31
 640 027c 24       		.byte	0x24
 641 027d 74       		.byte	0x74
 642 027e 00       		.sleb128 0
 643 027f 22       		.byte	0x22
 644 0280 31       		.byte	0x31
 645 0281 24       		.byte	0x24
 646 0282 03       		.byte	0x3
 647 0283 04000000 		.4byte	.LANCHOR0+4
 648 0287 22       		.byte	0x22
 649 0288 94       		.byte	0x94
 650 0289 02       		.byte	0x2
 651 028a 0A       		.byte	0xa
 652 028b FFFF     		.2byte	0xffff
 653 028d 1A       		.byte	0x1a
 654 028e 00       		.byte	0
 655 028f 00       		.byte	0
 656 0290 00       		.byte	0
 657 0291 0D       		.uleb128 0xd
 658 0292 0C010000 		.4byte	.LVL14
 659 0296 3F010000 		.4byte	0x13f
 660 029a 0D       		.uleb128 0xd
 661 029b 10010000 		.4byte	.LVL15
 662 029f E1000000 		.4byte	0xe1
 663 02a3 00       		.byte	0
 664 02a4 1A       		.uleb128 0x1a
 665 02a5 C3000000 		.4byte	.LASF37
 666 02a9 C3000000 		.4byte	.LASF37
 667 02ad 1B       		.uleb128 0x1b
 668 02ae 9A000000 		.4byte	.LASF26
 669 02b2 9A000000 		.4byte	.LASF26
 670 02b6 04       		.byte	0x4
 671 02b7 4E       		.byte	0x4e
 672 02b8 1B       		.uleb128 0x1b
 673 02b9 00000000 		.4byte	.LASF27
 674 02bd 00000000 		.4byte	.LASF27
 675 02c1 05       		.byte	0x5
 676 02c2 EF       		.byte	0xef
 677 02c3 1B       		.uleb128 0x1b
 678 02c4 65000000 		.4byte	.LASF28
 679 02c8 65000000 		.4byte	.LASF28
 680 02cc 04       		.byte	0x4
 681 02cd 50       		.byte	0x50
 682 02ce 1B       		.uleb128 0x1b
ARM GAS  C:\Users\maluv\AppData\Local\Temp\ccyg7BFx.s 			page 19


 683 02cf F4010000 		.4byte	.LASF29
 684 02d3 F4010000 		.4byte	.LASF29
 685 02d7 05       		.byte	0x5
 686 02d8 6C       		.byte	0x6c
 687 02d9 1B       		.uleb128 0x1b
 688 02da D9010000 		.4byte	.LASF30
 689 02de D9010000 		.4byte	.LASF30
 690 02e2 05       		.byte	0x5
 691 02e3 84       		.byte	0x84
 692 02e4 1B       		.uleb128 0x1b
 693 02e5 CA010000 		.4byte	.LASF31
 694 02e9 CA010000 		.4byte	.LASF31
 695 02ed 05       		.byte	0x5
 696 02ee ED       		.byte	0xed
 697 02ef 00       		.byte	0
 698              		.section	.debug_abbrev,"",%progbits
 699              	.Ldebug_abbrev0:
 700 0000 01       		.uleb128 0x1
 701 0001 11       		.uleb128 0x11
 702 0002 01       		.byte	0x1
 703 0003 25       		.uleb128 0x25
 704 0004 0E       		.uleb128 0xe
 705 0005 13       		.uleb128 0x13
 706 0006 0B       		.uleb128 0xb
 707 0007 03       		.uleb128 0x3
 708 0008 0E       		.uleb128 0xe
 709 0009 1B       		.uleb128 0x1b
 710 000a 0E       		.uleb128 0xe
 711 000b 55       		.uleb128 0x55
 712 000c 17       		.uleb128 0x17
 713 000d 11       		.uleb128 0x11
 714 000e 01       		.uleb128 0x1
 715 000f 10       		.uleb128 0x10
 716 0010 17       		.uleb128 0x17
 717 0011 00       		.byte	0
 718 0012 00       		.byte	0
 719 0013 02       		.uleb128 0x2
 720 0014 24       		.uleb128 0x24
 721 0015 00       		.byte	0
 722 0016 0B       		.uleb128 0xb
 723 0017 0B       		.uleb128 0xb
 724 0018 3E       		.uleb128 0x3e
 725 0019 0B       		.uleb128 0xb
 726 001a 03       		.uleb128 0x3
 727 001b 08       		.uleb128 0x8
 728 001c 00       		.byte	0
 729 001d 00       		.byte	0
 730 001e 03       		.uleb128 0x3
 731 001f 16       		.uleb128 0x16
 732 0020 00       		.byte	0
 733 0021 03       		.uleb128 0x3
 734 0022 0E       		.uleb128 0xe
 735 0023 3A       		.uleb128 0x3a
 736 0024 0B       		.uleb128 0xb
 737 0025 3B       		.uleb128 0x3b
 738 0026 0B       		.uleb128 0xb
 739 0027 49       		.uleb128 0x49
ARM GAS  C:\Users\maluv\AppData\Local\Temp\ccyg7BFx.s 			page 20


 740 0028 13       		.uleb128 0x13
 741 0029 00       		.byte	0
 742 002a 00       		.byte	0
 743 002b 04       		.uleb128 0x4
 744 002c 24       		.uleb128 0x24
 745 002d 00       		.byte	0
 746 002e 0B       		.uleb128 0xb
 747 002f 0B       		.uleb128 0xb
 748 0030 3E       		.uleb128 0x3e
 749 0031 0B       		.uleb128 0xb
 750 0032 03       		.uleb128 0x3
 751 0033 0E       		.uleb128 0xe
 752 0034 00       		.byte	0
 753 0035 00       		.byte	0
 754 0036 05       		.uleb128 0x5
 755 0037 0F       		.uleb128 0xf
 756 0038 00       		.byte	0
 757 0039 0B       		.uleb128 0xb
 758 003a 0B       		.uleb128 0xb
 759 003b 00       		.byte	0
 760 003c 00       		.byte	0
 761 003d 06       		.uleb128 0x6
 762 003e 16       		.uleb128 0x16
 763 003f 00       		.byte	0
 764 0040 03       		.uleb128 0x3
 765 0041 0E       		.uleb128 0xe
 766 0042 3A       		.uleb128 0x3a
 767 0043 0B       		.uleb128 0xb
 768 0044 3B       		.uleb128 0x3b
 769 0045 05       		.uleb128 0x5
 770 0046 49       		.uleb128 0x49
 771 0047 13       		.uleb128 0x13
 772 0048 00       		.byte	0
 773 0049 00       		.byte	0
 774 004a 07       		.uleb128 0x7
 775 004b 35       		.uleb128 0x35
 776 004c 00       		.byte	0
 777 004d 49       		.uleb128 0x49
 778 004e 13       		.uleb128 0x13
 779 004f 00       		.byte	0
 780 0050 00       		.byte	0
 781 0051 08       		.uleb128 0x8
 782 0052 2E       		.uleb128 0x2e
 783 0053 00       		.byte	0
 784 0054 03       		.uleb128 0x3
 785 0055 0E       		.uleb128 0xe
 786 0056 3A       		.uleb128 0x3a
 787 0057 0B       		.uleb128 0xb
 788 0058 3B       		.uleb128 0x3b
 789 0059 0B       		.uleb128 0xb
 790 005a 27       		.uleb128 0x27
 791 005b 19       		.uleb128 0x19
 792 005c 11       		.uleb128 0x11
 793 005d 01       		.uleb128 0x1
 794 005e 12       		.uleb128 0x12
 795 005f 06       		.uleb128 0x6
 796 0060 40       		.uleb128 0x40
ARM GAS  C:\Users\maluv\AppData\Local\Temp\ccyg7BFx.s 			page 21


 797 0061 18       		.uleb128 0x18
 798 0062 9742     		.uleb128 0x2117
 799 0064 19       		.uleb128 0x19
 800 0065 00       		.byte	0
 801 0066 00       		.byte	0
 802 0067 09       		.uleb128 0x9
 803 0068 2E       		.uleb128 0x2e
 804 0069 01       		.byte	0x1
 805 006a 03       		.uleb128 0x3
 806 006b 0E       		.uleb128 0xe
 807 006c 3A       		.uleb128 0x3a
 808 006d 0B       		.uleb128 0xb
 809 006e 3B       		.uleb128 0x3b
 810 006f 0B       		.uleb128 0xb
 811 0070 27       		.uleb128 0x27
 812 0071 19       		.uleb128 0x19
 813 0072 11       		.uleb128 0x11
 814 0073 01       		.uleb128 0x1
 815 0074 12       		.uleb128 0x12
 816 0075 06       		.uleb128 0x6
 817 0076 40       		.uleb128 0x40
 818 0077 18       		.uleb128 0x18
 819 0078 9742     		.uleb128 0x2117
 820 007a 19       		.uleb128 0x19
 821 007b 01       		.uleb128 0x1
 822 007c 13       		.uleb128 0x13
 823 007d 00       		.byte	0
 824 007e 00       		.byte	0
 825 007f 0A       		.uleb128 0xa
 826 0080 05       		.uleb128 0x5
 827 0081 00       		.byte	0
 828 0082 03       		.uleb128 0x3
 829 0083 08       		.uleb128 0x8
 830 0084 3A       		.uleb128 0x3a
 831 0085 0B       		.uleb128 0xb
 832 0086 3B       		.uleb128 0x3b
 833 0087 0B       		.uleb128 0xb
 834 0088 49       		.uleb128 0x49
 835 0089 13       		.uleb128 0x13
 836 008a 02       		.uleb128 0x2
 837 008b 17       		.uleb128 0x17
 838 008c 00       		.byte	0
 839 008d 00       		.byte	0
 840 008e 0B       		.uleb128 0xb
 841 008f 898201   		.uleb128 0x4109
 842 0092 01       		.byte	0x1
 843 0093 11       		.uleb128 0x11
 844 0094 01       		.uleb128 0x1
 845 0095 31       		.uleb128 0x31
 846 0096 13       		.uleb128 0x13
 847 0097 00       		.byte	0
 848 0098 00       		.byte	0
 849 0099 0C       		.uleb128 0xc
 850 009a 8A8201   		.uleb128 0x410a
 851 009d 00       		.byte	0
 852 009e 02       		.uleb128 0x2
 853 009f 18       		.uleb128 0x18
ARM GAS  C:\Users\maluv\AppData\Local\Temp\ccyg7BFx.s 			page 22


 854 00a0 9142     		.uleb128 0x2111
 855 00a2 18       		.uleb128 0x18
 856 00a3 00       		.byte	0
 857 00a4 00       		.byte	0
 858 00a5 0D       		.uleb128 0xd
 859 00a6 898201   		.uleb128 0x4109
 860 00a9 00       		.byte	0
 861 00aa 11       		.uleb128 0x11
 862 00ab 01       		.uleb128 0x1
 863 00ac 31       		.uleb128 0x31
 864 00ad 13       		.uleb128 0x13
 865 00ae 00       		.byte	0
 866 00af 00       		.byte	0
 867 00b0 0E       		.uleb128 0xe
 868 00b1 898201   		.uleb128 0x4109
 869 00b4 01       		.byte	0x1
 870 00b5 11       		.uleb128 0x11
 871 00b6 01       		.uleb128 0x1
 872 00b7 31       		.uleb128 0x31
 873 00b8 13       		.uleb128 0x13
 874 00b9 01       		.uleb128 0x1
 875 00ba 13       		.uleb128 0x13
 876 00bb 00       		.byte	0
 877 00bc 00       		.byte	0
 878 00bd 0F       		.uleb128 0xf
 879 00be 2E       		.uleb128 0x2e
 880 00bf 01       		.byte	0x1
 881 00c0 3F       		.uleb128 0x3f
 882 00c1 19       		.uleb128 0x19
 883 00c2 03       		.uleb128 0x3
 884 00c3 0E       		.uleb128 0xe
 885 00c4 3A       		.uleb128 0x3a
 886 00c5 0B       		.uleb128 0xb
 887 00c6 3B       		.uleb128 0x3b
 888 00c7 05       		.uleb128 0x5
 889 00c8 27       		.uleb128 0x27
 890 00c9 19       		.uleb128 0x19
 891 00ca 11       		.uleb128 0x11
 892 00cb 01       		.uleb128 0x1
 893 00cc 12       		.uleb128 0x12
 894 00cd 06       		.uleb128 0x6
 895 00ce 40       		.uleb128 0x40
 896 00cf 18       		.uleb128 0x18
 897 00d0 9742     		.uleb128 0x2117
 898 00d2 19       		.uleb128 0x19
 899 00d3 01       		.uleb128 0x1
 900 00d4 13       		.uleb128 0x13
 901 00d5 00       		.byte	0
 902 00d6 00       		.byte	0
 903 00d7 10       		.uleb128 0x10
 904 00d8 0B       		.uleb128 0xb
 905 00d9 01       		.byte	0x1
 906 00da 11       		.uleb128 0x11
 907 00db 01       		.uleb128 0x1
 908 00dc 12       		.uleb128 0x12
 909 00dd 06       		.uleb128 0x6
 910 00de 01       		.uleb128 0x1
ARM GAS  C:\Users\maluv\AppData\Local\Temp\ccyg7BFx.s 			page 23


 911 00df 13       		.uleb128 0x13
 912 00e0 00       		.byte	0
 913 00e1 00       		.byte	0
 914 00e2 11       		.uleb128 0x11
 915 00e3 13       		.uleb128 0x13
 916 00e4 01       		.byte	0x1
 917 00e5 0B       		.uleb128 0xb
 918 00e6 0B       		.uleb128 0xb
 919 00e7 3A       		.uleb128 0x3a
 920 00e8 0B       		.uleb128 0xb
 921 00e9 3B       		.uleb128 0x3b
 922 00ea 05       		.uleb128 0x5
 923 00eb 01       		.uleb128 0x1
 924 00ec 13       		.uleb128 0x13
 925 00ed 00       		.byte	0
 926 00ee 00       		.byte	0
 927 00ef 12       		.uleb128 0x12
 928 00f0 0D       		.uleb128 0xd
 929 00f1 00       		.byte	0
 930 00f2 03       		.uleb128 0x3
 931 00f3 0E       		.uleb128 0xe
 932 00f4 3A       		.uleb128 0x3a
 933 00f5 0B       		.uleb128 0xb
 934 00f6 3B       		.uleb128 0x3b
 935 00f7 05       		.uleb128 0x5
 936 00f8 49       		.uleb128 0x49
 937 00f9 13       		.uleb128 0x13
 938 00fa 38       		.uleb128 0x38
 939 00fb 0B       		.uleb128 0xb
 940 00fc 00       		.byte	0
 941 00fd 00       		.byte	0
 942 00fe 13       		.uleb128 0x13
 943 00ff 01       		.uleb128 0x1
 944 0100 01       		.byte	0x1
 945 0101 49       		.uleb128 0x49
 946 0102 13       		.uleb128 0x13
 947 0103 01       		.uleb128 0x1
 948 0104 13       		.uleb128 0x13
 949 0105 00       		.byte	0
 950 0106 00       		.byte	0
 951 0107 14       		.uleb128 0x14
 952 0108 21       		.uleb128 0x21
 953 0109 00       		.byte	0
 954 010a 49       		.uleb128 0x49
 955 010b 13       		.uleb128 0x13
 956 010c 2F       		.uleb128 0x2f
 957 010d 0B       		.uleb128 0xb
 958 010e 00       		.byte	0
 959 010f 00       		.byte	0
 960 0110 15       		.uleb128 0x15
 961 0111 26       		.uleb128 0x26
 962 0112 00       		.byte	0
 963 0113 49       		.uleb128 0x49
 964 0114 13       		.uleb128 0x13
 965 0115 00       		.byte	0
 966 0116 00       		.byte	0
 967 0117 16       		.uleb128 0x16
ARM GAS  C:\Users\maluv\AppData\Local\Temp\ccyg7BFx.s 			page 24


 968 0118 34       		.uleb128 0x34
 969 0119 00       		.byte	0
 970 011a 03       		.uleb128 0x3
 971 011b 0E       		.uleb128 0xe
 972 011c 3A       		.uleb128 0x3a
 973 011d 0B       		.uleb128 0xb
 974 011e 3B       		.uleb128 0x3b
 975 011f 05       		.uleb128 0x5
 976 0120 49       		.uleb128 0x49
 977 0121 13       		.uleb128 0x13
 978 0122 02       		.uleb128 0x2
 979 0123 18       		.uleb128 0x18
 980 0124 00       		.byte	0
 981 0125 00       		.byte	0
 982 0126 17       		.uleb128 0x17
 983 0127 34       		.uleb128 0x34
 984 0128 00       		.byte	0
 985 0129 03       		.uleb128 0x3
 986 012a 08       		.uleb128 0x8
 987 012b 3A       		.uleb128 0x3a
 988 012c 0B       		.uleb128 0xb
 989 012d 3B       		.uleb128 0x3b
 990 012e 05       		.uleb128 0x5
 991 012f 49       		.uleb128 0x49
 992 0130 13       		.uleb128 0x13
 993 0131 02       		.uleb128 0x2
 994 0132 17       		.uleb128 0x17
 995 0133 00       		.byte	0
 996 0134 00       		.byte	0
 997 0135 18       		.uleb128 0x18
 998 0136 0B       		.uleb128 0xb
 999 0137 01       		.byte	0x1
 1000 0138 11       		.uleb128 0x11
 1001 0139 01       		.uleb128 0x1
 1002 013a 12       		.uleb128 0x12
 1003 013b 06       		.uleb128 0x6
 1004 013c 00       		.byte	0
 1005 013d 00       		.byte	0
 1006 013e 19       		.uleb128 0x19
 1007 013f 0F       		.uleb128 0xf
 1008 0140 00       		.byte	0
 1009 0141 0B       		.uleb128 0xb
 1010 0142 0B       		.uleb128 0xb
 1011 0143 49       		.uleb128 0x49
 1012 0144 13       		.uleb128 0x13
 1013 0145 00       		.byte	0
 1014 0146 00       		.byte	0
 1015 0147 1A       		.uleb128 0x1a
 1016 0148 2E       		.uleb128 0x2e
 1017 0149 00       		.byte	0
 1018 014a 3F       		.uleb128 0x3f
 1019 014b 19       		.uleb128 0x19
 1020 014c 3C       		.uleb128 0x3c
 1021 014d 19       		.uleb128 0x19
 1022 014e 6E       		.uleb128 0x6e
 1023 014f 0E       		.uleb128 0xe
 1024 0150 03       		.uleb128 0x3
ARM GAS  C:\Users\maluv\AppData\Local\Temp\ccyg7BFx.s 			page 25


 1025 0151 0E       		.uleb128 0xe
 1026 0152 00       		.byte	0
 1027 0153 00       		.byte	0
 1028 0154 1B       		.uleb128 0x1b
 1029 0155 2E       		.uleb128 0x2e
 1030 0156 00       		.byte	0
 1031 0157 3F       		.uleb128 0x3f
 1032 0158 19       		.uleb128 0x19
 1033 0159 3C       		.uleb128 0x3c
 1034 015a 19       		.uleb128 0x19
 1035 015b 6E       		.uleb128 0x6e
 1036 015c 0E       		.uleb128 0xe
 1037 015d 03       		.uleb128 0x3
 1038 015e 0E       		.uleb128 0xe
 1039 015f 3A       		.uleb128 0x3a
 1040 0160 0B       		.uleb128 0xb
 1041 0161 3B       		.uleb128 0x3b
 1042 0162 0B       		.uleb128 0xb
 1043 0163 00       		.byte	0
 1044 0164 00       		.byte	0
 1045 0165 00       		.byte	0
 1046              		.section	.debug_loc,"",%progbits
 1047              	.Ldebug_loc0:
 1048              	.LLST0:
 1049 0000 00000000 		.4byte	.LVL0
 1050 0004 09000000 		.4byte	.LVL2-1
 1051 0008 0100     		.2byte	0x1
 1052 000a 50       		.byte	0x50
 1053 000b 09000000 		.4byte	.LVL2-1
 1054 000f 0C000000 		.4byte	.LFE2
 1055 0013 0400     		.2byte	0x4
 1056 0015 F3       		.byte	0xf3
 1057 0016 01       		.uleb128 0x1
 1058 0017 50       		.byte	0x50
 1059 0018 9F       		.byte	0x9f
 1060 0019 00000000 		.4byte	0
 1061 001d 00000000 		.4byte	0
 1062              	.LLST1:
 1063 0021 00000000 		.4byte	.LVL0
 1064 0025 06000000 		.4byte	.LVL1
 1065 0029 0100     		.2byte	0x1
 1066 002b 51       		.byte	0x51
 1067 002c 06000000 		.4byte	.LVL1
 1068 0030 09000000 		.4byte	.LVL2-1
 1069 0034 0100     		.2byte	0x1
 1070 0036 52       		.byte	0x52
 1071 0037 09000000 		.4byte	.LVL2-1
 1072 003b 0C000000 		.4byte	.LFE2
 1073 003f 0400     		.2byte	0x4
 1074 0041 F3       		.byte	0xf3
 1075 0042 01       		.uleb128 0x1
 1076 0043 51       		.byte	0x51
 1077 0044 9F       		.byte	0x9f
 1078 0045 00000000 		.4byte	0
 1079 0049 00000000 		.4byte	0
 1080              	.LLST2:
 1081 004d AE000000 		.4byte	.LVL9
ARM GAS  C:\Users\maluv\AppData\Local\Temp\ccyg7BFx.s 			page 26


 1082 0051 B2000000 		.4byte	.LVL10
 1083 0055 0200     		.2byte	0x2
 1084 0057 30       		.byte	0x30
 1085 0058 9F       		.byte	0x9f
 1086 0059 B2000000 		.4byte	.LVL10
 1087 005d D0000000 		.4byte	.LVL12
 1088 0061 0100     		.2byte	0x1
 1089 0063 54       		.byte	0x54
 1090 0064 D2000000 		.4byte	.LVL13
 1091 0068 10010000 		.4byte	.LVL16
 1092 006c 0100     		.2byte	0x1
 1093 006e 54       		.byte	0x54
 1094 006f 00000000 		.4byte	0
 1095 0073 00000000 		.4byte	0
 1096              	.LLST3:
 1097 0077 B2000000 		.4byte	.LVL10
 1098 007b D0000000 		.4byte	.LVL12
 1099 007f 0B00     		.2byte	0xb
 1100 0081 74       		.byte	0x74
 1101 0082 00       		.sleb128 0
 1102 0083 36       		.byte	0x36
 1103 0084 1E       		.byte	0x1e
 1104 0085 03       		.byte	0x3
 1105 0086 00000000 		.4byte	cfg_memset_list.4884
 1106 008a 22       		.byte	0x22
 1107 008b 9F       		.byte	0x9f
 1108 008c D0000000 		.4byte	.LVL12
 1109 0090 D2000000 		.4byte	.LVL13
 1110 0094 0B00     		.2byte	0xb
 1111 0096 74       		.byte	0x74
 1112 0097 7F       		.sleb128 -1
 1113 0098 36       		.byte	0x36
 1114 0099 1E       		.byte	0x1e
 1115 009a 03       		.byte	0x3
 1116 009b 00000000 		.4byte	cfg_memset_list.4884
 1117 009f 22       		.byte	0x22
 1118 00a0 9F       		.byte	0x9f
 1119 00a1 00000000 		.4byte	0
 1120 00a5 00000000 		.4byte	0
 1121              		.section	.debug_aranges,"",%progbits
 1122 0000 34000000 		.4byte	0x34
 1123 0004 0200     		.2byte	0x2
 1124 0006 00000000 		.4byte	.Ldebug_info0
 1125 000a 04       		.byte	0x4
 1126 000b 00       		.byte	0
 1127 000c 0000     		.2byte	0
 1128 000e 0000     		.2byte	0
 1129 0010 00000000 		.4byte	.LFB6
 1130 0014 20000000 		.4byte	.LFE6-.LFB6
 1131 0018 00000000 		.4byte	.LFB2
 1132 001c 0C000000 		.4byte	.LFE2-.LFB2
 1133 0020 00000000 		.4byte	.LFB5
 1134 0024 A4000000 		.4byte	.LFE5-.LFB5
 1135 0028 A4000000 		.4byte	.LFB7
 1136 002c 98000000 		.4byte	.LFE7-.LFB7
 1137 0030 00000000 		.4byte	0
 1138 0034 00000000 		.4byte	0
ARM GAS  C:\Users\maluv\AppData\Local\Temp\ccyg7BFx.s 			page 27


 1139              		.section	.debug_ranges,"",%progbits
 1140              	.Ldebug_ranges0:
 1141 0000 00000000 		.4byte	.LFB6
 1142 0004 20000000 		.4byte	.LFE6
 1143 0008 00000000 		.4byte	.LFB2
 1144 000c 0C000000 		.4byte	.LFE2
 1145 0010 00000000 		.4byte	.LFB5
 1146 0014 A4000000 		.4byte	.LFE5
 1147 0018 A4000000 		.4byte	.LFB7
 1148 001c 3C010000 		.4byte	.LFE7
 1149 0020 00000000 		.4byte	0
 1150 0024 00000000 		.4byte	0
 1151              		.section	.debug_line,"",%progbits
 1152              	.Ldebug_line0:
 1153 0000 56010000 		.section	.debug_str,"MS",%progbits,1
 1153      0200E300 
 1153      00000201 
 1153      FB0E0D00 
 1153      01010101 
 1154              	.LASF27:
 1155 0000 43794465 		.ascii	"CyDelayCycles\000"
 1155      6C617943 
 1155      79636C65 
 1155      7300
 1156              	.LASF19:
 1157 000e 72656733 		.ascii	"reg32\000"
 1157      3200
 1158              	.LASF12:
 1159 0014 73697A65 		.ascii	"size_t\000"
 1159      5F7400
 1160              	.LASF35:
 1161 001b 416E616C 		.ascii	"AnalogSetDefault\000"
 1161      6F675365 
 1161      74446566 
 1161      61756C74 
 1161      00
 1162              	.LASF25:
 1163 002c 6366675F 		.ascii	"cfg_memset_list\000"
 1163      6D656D73 
 1163      65745F6C 
 1163      69737400 
 1164              	.LASF21:
 1165 003c 436C6F63 		.ascii	"ClockSetup\000"
 1165      6B536574 
 1165      757000
 1166              	.LASF6:
 1167 0047 73686F72 		.ascii	"short unsigned int\000"
 1167      7420756E 
 1167      7369676E 
 1167      65642069 
 1167      6E7400
 1168              	.LASF16:
 1169 005a 666C6F61 		.ascii	"float\000"
 1169      7400
 1170              	.LASF23:
 1171 0060 73697A65 		.ascii	"size\000"
 1171      00
ARM GAS  C:\Users\maluv\AppData\Local\Temp\ccyg7BFx.s 			page 28


 1172              	.LASF28:
 1173 0065 43795379 		.ascii	"CySysClkWcoSetPowerMode\000"
 1173      73436C6B 
 1173      57636F53 
 1173      6574506F 
 1173      7765724D 
 1174              	.LASF18:
 1175 007d 72656738 		.ascii	"reg8\000"
 1175      00
 1176              	.LASF8:
 1177 0082 6C6F6E67 		.ascii	"long unsigned int\000"
 1177      20756E73 
 1177      69676E65 
 1177      6420696E 
 1177      7400
 1178              	.LASF13:
 1179 0094 75696E74 		.ascii	"uint8\000"
 1179      3800
 1180              	.LASF26:
 1181 009a 43795379 		.ascii	"CySysClkWcoStart\000"
 1181      73436C6B 
 1181      57636F53 
 1181      74617274 
 1181      00
 1182              	.LASF20:
 1183 00ab 43594D45 		.ascii	"CYMEMZERO\000"
 1183      4D5A4552 
 1183      4F00
 1184              	.LASF4:
 1185 00b5 756E7369 		.ascii	"unsigned char\000"
 1185      676E6564 
 1185      20636861 
 1185      7200
 1186              	.LASF37:
 1187 00c3 6D656D73 		.ascii	"memset\000"
 1187      657400
 1188              	.LASF17:
 1189 00ca 646F7562 		.ascii	"double\000"
 1189      6C6500
 1190              	.LASF36:
 1191 00d1 63796669 		.ascii	"cyfitter_cfg\000"
 1191      74746572 
 1191      5F636667 
 1191      00
 1192              	.LASF14:
 1193 00de 75696E74 		.ascii	"uint16\000"
 1193      313600
 1194              	.LASF15:
 1195 00e5 75696E74 		.ascii	"uint32\000"
 1195      333200
 1196              	.LASF0:
 1197 00ec 756E7369 		.ascii	"unsigned int\000"
 1197      676E6564 
 1197      20696E74 
 1197      00
 1198              	.LASF22:
 1199 00f9 61646472 		.ascii	"address\000"
ARM GAS  C:\Users\maluv\AppData\Local\Temp\ccyg7BFx.s 			page 29


 1199      65737300 
 1200              	.LASF9:
 1201 0101 6C6F6E67 		.ascii	"long long unsigned int\000"
 1201      206C6F6E 
 1201      6720756E 
 1201      7369676E 
 1201      65642069 
 1202              	.LASF32:
 1203 0118 474E5520 		.ascii	"GNU C11 5.4.1 20160609 (release) [ARM/embedded-5-br"
 1203      43313120 
 1203      352E342E 
 1203      31203230 
 1203      31363036 
 1204 014b 616E6368 		.ascii	"anch revision 237715] -mcpu=cortex-m0 -mthumb -g -O"
 1204      20726576 
 1204      6973696F 
 1204      6E203233 
 1204      37373135 
 1205 017e 67202D66 		.ascii	"g -ffunction-sections -ffat-lto-objects\000"
 1205      66756E63 
 1205      74696F6E 
 1205      2D736563 
 1205      74696F6E 
 1206              	.LASF24:
 1207 01a6 6366675F 		.ascii	"cfg_memset_t\000"
 1207      6D656D73 
 1207      65745F74 
 1207      00
 1208              	.LASF10:
 1209 01b3 73697A65 		.ascii	"sizetype\000"
 1209      74797065 
 1209      00
 1210              	.LASF1:
 1211 01bc 6C6F6E67 		.ascii	"long long int\000"
 1211      206C6F6E 
 1211      6720696E 
 1211      7400
 1212              	.LASF31:
 1213 01ca 43794465 		.ascii	"CyDelayUs\000"
 1213      6C617955 
 1213      7300
 1214              	.LASF11:
 1215 01d4 63686172 		.ascii	"char\000"
 1215      00
 1216              	.LASF30:
 1217 01d9 43795379 		.ascii	"CySysClkEcoStart\000"
 1217      73436C6B 
 1217      45636F53 
 1217      74617274 
 1217      00
 1218              	.LASF5:
 1219 01ea 73686F72 		.ascii	"short int\000"
 1219      7420696E 
 1219      7400
 1220              	.LASF29:
 1221 01f4 43795379 		.ascii	"CySysClkWriteImoFreq\000"
 1221      73436C6B 
ARM GAS  C:\Users\maluv\AppData\Local\Temp\ccyg7BFx.s 			page 30


 1221      57726974 
 1221      65496D6F 
 1221      46726571 
 1222              	.LASF34:
 1223 0209 433A5C4D 		.ascii	"C:\\MALU\\RICE\\Kemere Lab\\LEDtest\\LEDtest.cydsn\000"
 1223      414C555C 
 1223      52494345 
 1223      5C4B656D 
 1223      65726520 
 1224              	.LASF7:
 1225 0237 6C6F6E67 		.ascii	"long int\000"
 1225      20696E74 
 1225      00
 1226              	.LASF2:
 1227 0240 6C6F6E67 		.ascii	"long double\000"
 1227      20646F75 
 1227      626C6500 
 1228              	.LASF3:
 1229 024c 7369676E 		.ascii	"signed char\000"
 1229      65642063 
 1229      68617200 
 1230              	.LASF33:
 1231 0258 47656E65 		.ascii	"Generated_Source\\PSoC4\\cyfitter_cfg.c\000"
 1231      72617465 
 1231      645F536F 
 1231      75726365 
 1231      5C50536F 
 1232              		.ident	"GCC: (GNU Tools for ARM Embedded Processors) 5.4.1 20160609 (release) [ARM/embedded-5-bran
